<p>My name is Foobar Baz and I like to sing "ABC, easy as 123".</p>